{
  "@context":"\/api\/v2\/contexts\/Wishlist",
  "@id":"\/api\/v2\/shop\/wishlists\/@string@",
  "@type":"Wishlist",
  "id":"@integer@",
  "wishlistProducts":"@array@",
  "shopUser": {
    "@id": "\/api\/v2\/shop\/shop-users\/@integer@",
    "@type": "ShopUser",
    "id":"@integer@",
    "email": "@string@"
  },
  "token":"@string@"
}
