{
  "@context":"\/api\/v2\/contexts\/Wishlist",
  "@id":"\/api\/v2\/admin\/wishlists",
  "@type":"hydra:Collection",
  "hydra:member":[
    {
      "@id":"\/api\/v2\/shop\/wishlists\/@string@",
      "@type":"Wishlist",
      "id":"@integer@",
      "wishlistProducts":[
        {
          "@type":"WishlistProduct",
          "product":{
            "@id":"\/api\/v2\/admin\/products\/@string@",
            "@type":"Product",
            "id":"@integer@"
          },
          "variant":{
            "@id":"\/api\/v2\/admin\/product-variants\/@string@",
            "@type":"ProductVariant",
            "id":"@integer@"
          },
          "quantity":"@integer@"
        }
      ],
      "shopUser":{
        "@id": "\/api\/v2\/admin\/shop-users\/@integer@",
        "@type":"ShopUser",
        "id":"@integer@",
        "email":"@string@"
      },
      "token":"@string@"
    },
    {
      "@id":"\/api\/v2\/shop\/wishlists\/@string@",
      "@type":"Wishlist",
      "id":"@integer@",
      "wishlistProducts":"@array@",
      "shopUser":{
        "@id": "\/api\/v2\/admin\/shop-users\/@integer@",
        "@type":"ShopUser",
        "id":"@integer@",
        "email":"@string@"
      },
      "token":"@string@"
    },
    {
      "@id":"\/api\/v2\/shop\/wishlists\/@string@",
      "@type":"Wishlist",
      "id":"@integer@",
      "wishlistProducts":[

      ],
      "shopUser":{
        "@id": "\/api\/v2\/admin\/shop-users\/@integer@",
        "@type":"ShopUser",
        "id":"@integer@",
        "email":"@string@"
      },
      "token":"@string@"
    },
    {
      "@id":"\/api\/v2\/shop\/wishlists\/@string@",
      "@type":"Wishlist",
      "id":"@integer@",
      "wishlistProducts":"@array@",
      "shopUser":{
        "@id": "\/api\/v2\/admin\/shop-users\/@integer@",
        "@type":"ShopUser",
        "id":"@integer@",
        "email":"@string@"
      },
      "token":"@string@"
    }
  ],
  "hydra:totalItems":"@integer@"
}
